Archive member included to satisfy reference by file (symbol)

c:/program files (x86)/gnu tools arm embedded/6.2 2016q4/bin/../lib/gcc/arm-none-eabi/6.2.1/../../../../arm-none-eabi/lib/thumb/v7-m\libg_nano.a(lib_a-errno.o)
                              ./system/src/newlib/_sbrk.o (__errno)
c:/program files (x86)/gnu tools arm embedded/6.2 2016q4/bin/../lib/gcc/arm-none-eabi/6.2.1/../../../../arm-none-eabi/lib/thumb/v7-m\libg_nano.a(lib_a-impure.o)
                              c:/program files (x86)/gnu tools arm embedded/6.2 2016q4/bin/../lib/gcc/arm-none-eabi/6.2.1/../../../../arm-none-eabi/lib/thumb/v7-m\libg_nano.a(lib_a-errno.o) (_impure_ptr)
c:/program files (x86)/gnu tools arm embedded/6.2 2016q4/bin/../lib/gcc/arm-none-eabi/6.2.1/../../../../arm-none-eabi/lib/thumb/v7-m\libg_nano.a(lib_a-strlen.o)
                              ./system/src/diag/Trace.o (strlen)
c:/program files (x86)/gnu tools arm embedded/6.2 2016q4/bin/../lib/gcc/arm-none-eabi/6.2.1/../../../../arm-none-eabi/lib/thumb/v7-m\libg_nano.a(lib_a-vsnprintf.o)
                              ./system/src/diag/Trace.o (vsnprintf)
c:/program files (x86)/gnu tools arm embedded/6.2 2016q4/bin/../lib/gcc/arm-none-eabi/6.2.1/../../../../arm-none-eabi/lib/thumb/v7-m\libg_nano.a(lib_a-nano-svfprintf.o)
                              c:/program files (x86)/gnu tools arm embedded/6.2 2016q4/bin/../lib/gcc/arm-none-eabi/6.2.1/../../../../arm-none-eabi/lib/thumb/v7-m\libg_nano.a(lib_a-vsnprintf.o) (_svfprintf_r)
c:/program files (x86)/gnu tools arm embedded/6.2 2016q4/bin/../lib/gcc/arm-none-eabi/6.2.1/../../../../arm-none-eabi/lib/thumb/v7-m\libg_nano.a(lib_a-nano-vfprintf_i.o)
                              c:/program files (x86)/gnu tools arm embedded/6.2 2016q4/bin/../lib/gcc/arm-none-eabi/6.2.1/../../../../arm-none-eabi/lib/thumb/v7-m\libg_nano.a(lib_a-nano-svfprintf.o) (_printf_i)
c:/program files (x86)/gnu tools arm embedded/6.2 2016q4/bin/../lib/gcc/arm-none-eabi/6.2.1/../../../../arm-none-eabi/lib/thumb/v7-m\libg_nano.a(lib_a-memchr-stub.o)
                              c:/program files (x86)/gnu tools arm embedded/6.2 2016q4/bin/../lib/gcc/arm-none-eabi/6.2.1/../../../../arm-none-eabi/lib/thumb/v7-m\libg_nano.a(lib_a-nano-svfprintf.o) (memchr)
c:/program files (x86)/gnu tools arm embedded/6.2 2016q4/bin/../lib/gcc/arm-none-eabi/6.2.1/../../../../arm-none-eabi/lib/thumb/v7-m\libg_nano.a(lib_a-memcpy-stub.o)
                              c:/program files (x86)/gnu tools arm embedded/6.2 2016q4/bin/../lib/gcc/arm-none-eabi/6.2.1/../../../../arm-none-eabi/lib/thumb/v7-m\libg_nano.a(lib_a-nano-svfprintf.o) (memcpy)
c:/program files (x86)/gnu tools arm embedded/6.2 2016q4/bin/../lib/gcc/arm-none-eabi/6.2.1/../../../../arm-none-eabi/lib/thumb/v7-m\libg_nano.a(lib_a-memmove.o)
                              c:/program files (x86)/gnu tools arm embedded/6.2 2016q4/bin/../lib/gcc/arm-none-eabi/6.2.1/../../../../arm-none-eabi/lib/thumb/v7-m\libg_nano.a(lib_a-nano-svfprintf.o) (memmove)
c:/program files (x86)/gnu tools arm embedded/6.2 2016q4/bin/../lib/gcc/arm-none-eabi/6.2.1/../../../../arm-none-eabi/lib/thumb/v7-m\libg_nano.a(lib_a-nano-freer.o)
                              c:/program files (x86)/gnu tools arm embedded/6.2 2016q4/bin/../lib/gcc/arm-none-eabi/6.2.1/../../../../arm-none-eabi/lib/thumb/v7-m\libg_nano.a(lib_a-nano-svfprintf.o) (_free_r)
c:/program files (x86)/gnu tools arm embedded/6.2 2016q4/bin/../lib/gcc/arm-none-eabi/6.2.1/../../../../arm-none-eabi/lib/thumb/v7-m\libg_nano.a(lib_a-nano-mallocr.o)
                              c:/program files (x86)/gnu tools arm embedded/6.2 2016q4/bin/../lib/gcc/arm-none-eabi/6.2.1/../../../../arm-none-eabi/lib/thumb/v7-m\libg_nano.a(lib_a-nano-svfprintf.o) (_malloc_r)
c:/program files (x86)/gnu tools arm embedded/6.2 2016q4/bin/../lib/gcc/arm-none-eabi/6.2.1/../../../../arm-none-eabi/lib/thumb/v7-m\libg_nano.a(lib_a-nano-reallocr.o)
                              c:/program files (x86)/gnu tools arm embedded/6.2 2016q4/bin/../lib/gcc/arm-none-eabi/6.2.1/../../../../arm-none-eabi/lib/thumb/v7-m\libg_nano.a(lib_a-nano-svfprintf.o) (_realloc_r)
c:/program files (x86)/gnu tools arm embedded/6.2 2016q4/bin/../lib/gcc/arm-none-eabi/6.2.1/../../../../arm-none-eabi/lib/thumb/v7-m\libg_nano.a(lib_a-sbrkr.o)
                              c:/program files (x86)/gnu tools arm embedded/6.2 2016q4/bin/../lib/gcc/arm-none-eabi/6.2.1/../../../../arm-none-eabi/lib/thumb/v7-m\libg_nano.a(lib_a-nano-mallocr.o) (_sbrk_r)
c:/program files (x86)/gnu tools arm embedded/6.2 2016q4/bin/../lib/gcc/arm-none-eabi/6.2.1/../../../../arm-none-eabi/lib/thumb/v7-m\libg_nano.a(lib_a-mlock.o)
                              c:/program files (x86)/gnu tools arm embedded/6.2 2016q4/bin/../lib/gcc/arm-none-eabi/6.2.1/../../../../arm-none-eabi/lib/thumb/v7-m\libg_nano.a(lib_a-nano-freer.o) (__malloc_lock)
[...]
Memory Configuration

Name             Origin             Length             Attributes
RAM              0x20000000         0x0000c000         xrw
CCMRAM           0x00000000         0x00000000         xrw
FLASH            0x08000000         0x00040000         xr
FLASHB1          0x00000000         0x00000000         xr
EXTMEMB0         0x00000000         0x00000000         xr
EXTMEMB1         0x00000000         0x00000000         xr
EXTMEMB2         0x00000000         0x00000000         xr
EXTMEMB3         0x00000000         0x00000000         xr
MEMORY_ARRAY     0x00000000         0x00000000         xrw
*default*        0x00000000         0xffffffff

Linker script and memory map

LOAD ./system/src/stm32f1-stdperiph/misc.o
LOAD ./system/src/stm32f1-stdperiph/stm32f10x_gpio.o
LOAD ./system/src/stm32f1-stdperiph/stm32f10x_rcc.o
LOAD ./system/src/stm32f1-stdperiph/stm32f10x_tim.o
LOAD ./system/src/stm32f1-stdperiph/stm32f10x_usart.o
LOAD ./system/src/newlib/_cxx.o
LOAD ./system/src/newlib/_exit.o
LOAD ./system/src/newlib/_sbrk.o
LOAD ./system/src/newlib/_startup.o
LOAD ./system/src/newlib/_syscalls.o
LOAD ./system/src/newlib/assert.o
LOAD ./system/src/diag/Trace.o
LOAD ./system/src/diag/trace_impl.o
LOAD ./system/src/cortexm/_initialize_hardware.o
LOAD ./system/src/cortexm/_reset_hardware.o
LOAD ./system/src/cortexm/exception_handlers.o
LOAD ./system/src/cmsis/system_stm32f10x.o
LOAD ./system/src/cmsis/vectors_stm32f10x.o
LOAD ./src/_write.o
LOAD ./src/bsp_tim.o
LOAD ./src/bsp_usart.o
LOAD ./src/main.o
LOAD c:/program files (x86)/gnu tools arm embedded/6.2 2016q4/bin/../lib/gcc/arm-none-eabi/6.2.1/../../../../arm-none-eabi/lib/thumb/v7-m\libstdc++_nano.a
LOAD c:/program files (x86)/gnu tools arm embedded/6.2 2016q4/bin/../lib/gcc/arm-none-eabi/6.2.1/../../../../arm-none-eabi/lib/thumb/v7-m\libm.a
START GROUP
LOAD c:/program files (x86)/gnu tools arm embedded/6.2 2016q4/bin/../lib/gcc/arm-none-eabi/6.2.1/thumb/v7-m\libgcc.a
LOAD c:/program files (x86)/gnu tools arm embedded/6.2 2016q4/bin/../lib/gcc/arm-none-eabi/6.2.1/../../../../arm-none-eabi/lib/thumb/v7-m\libg_nano.a
LOAD c:/program files (x86)/gnu tools arm embedded/6.2 2016q4/bin/../lib/gcc/arm-none-eabi/6.2.1/../../../../arm-none-eabi/lib/thumb/v7-m\libc_nano.a
END GROUP
START GROUP
LOAD c:/program files (x86)/gnu tools arm embedded/6.2 2016q4/bin/../lib/gcc/arm-none-eabi/6.2.1/thumb/v7-m\libgcc.a
LOAD c:/program files (x86)/gnu tools arm embedded/6.2 2016q4/bin/../lib/gcc/arm-none-eabi/6.2.1/../../../../arm-none-eabi/lib/thumb/v7-m\libc_nano.a
END GROUP
                0x2000c000                __stack = (ORIGIN (RAM) + LENGTH (RAM))
                0x2000c000                _estack = __stack
                0x00000400                __Main_Stack_Size = 0x400
                [!provide]                PROVIDE (_Main_Stack_Size, __Main_Stack_Size)
                0x2000bc00                __Main_Stack_Limit = (__stack - __Main_Stack_Size)
                [!provide]                PROVIDE (_Main_Stack_Limit, __Main_Stack_Limit)
                0x00000100                _Minimum_Stack_Size = 0x100
                0x20000140                PROVIDE (_Heap_Begin, _end_noinit)
                0x2000bc00                PROVIDE (_Heap_Limit, (__stack - __Main_Stack_Size))

.isr_vector     0x08000000      0x428
 FILL mask 0xff
                0x08000000                __vectors_start = ABSOLUTE (.)
                0x08000000                __vectors_start__ = ABSOLUTE (.)
 *(.isr_vector)
 .isr_vector    0x08000000      0x1e4 ./system/src/cmsis/vectors_stm32f10x.o
                0x08000000                __isr_vectors
 *(.cfmconfig)
 *(.after_vectors .after_vectors.*)
 .after_vectors
                0x080001e4      0x114 ./system/src/newlib/_startup.o
                0x080001e4                _start
 .after_vectors
                0x080002f8      0x12c ./system/src/cortexm/exception_handlers.o
                0x080002f8                Reset_Handler
                0x080002fe                NMI_Handler
                0x08000302                HardFault_Handler
                0x08000316                HardFault_Handler_C
                0x08000374                MemManage_Handler
                0x08000378                BusFault_Handler
                0x0800038c                BusFault_Handler_C
                0x080003c0                UsageFault_Handler
                0x080003d4                UsageFault_Handler_C
                0x08000408                SVC_Handler
                0x0800040c                DebugMon_Handler
                0x08000410                PendSV_Handler
                0x08000414                SysTick_Handler
 .after_vectors
                0x08000424        0x4 ./system/src/cmsis/vectors_stm32f10x.o
                0x08000424                EXTI2_IRQHandler
                0x08000424                TIM8_TRG_COM_IRQHandler
                0x08000424                TIM8_CC_IRQHandler
                0x08000424                TIM1_CC_IRQHandler
                0x08000424                TIM6_IRQHandler
                0x08000424                PVD_IRQHandler
                0x08000424                SDIO_IRQHandler
                0x08000424                CAN2_RX1_IRQHandler
                0x08000424                EXTI3_IRQHandler
                0x08000424                TIM8_TRG_COM_TIM14_IRQHandler
                0x08000424                TIM1_UP_TIM10_IRQHandler
                0x08000424                TIM8_UP_TIM13_IRQHandler
                0x08000424                EXTI0_IRQHandler
                0x08000424                I2C2_EV_IRQHandler
                0x08000424                CAN1_RX0_IRQHandler
                0x08000424                TIM1_UP_TIM16_IRQHandler
                0x08000424                CAN2_SCE_IRQHandler
                0x08000424                ADC1_2_IRQHandler
                0x08000424                SPI1_IRQHandler
                0x08000424                TAMPER_IRQHandler
                0x08000424                TIM6_DAC_IRQHandler
                0x08000424                TIM1_BRK_TIM9_IRQHandler
                0x08000424                CAN2_RX0_IRQHandler
                0x08000424                TIM8_UP_IRQHandler
                0x08000424                DMA2_Channel2_IRQHandler
                0x08000424                DMA1_Channel4_IRQHandler
                0x08000424                USART3_IRQHandler
                0x08000424                RTC_IRQHandler
                0x08000424                DMA1_Channel7_IRQHandler
                0x08000424                CAN1_RX1_IRQHandler
                0x08000424                UART5_IRQHandler
                0x08000424                ADC3_IRQHandler
                0x08000424                TIM4_IRQHandler
                0x08000424                DMA2_Channel1_IRQHandler
                0x08000424                I2C1_EV_IRQHandler
                0x08000424                DMA1_Channel6_IRQHandler
                0x08000424                UART4_IRQHandler
                0x08000424                DMA2_Channel4_IRQHandler
                0x08000424                TIM3_IRQHandler
                0x08000424                RCC_IRQHandler
                0x08000424                TIM8_BRK_TIM12_IRQHandler
                0x08000424                TIM1_TRG_COM_IRQHandler
                0x08000424                DMA1_Channel1_IRQHandler
                0x08000424                Default_Handler
                0x08000424                CEC_IRQHandler
                0x08000424                EXTI15_10_IRQHandler
                0x08000424                TIM14_IRQHandler
                0x08000424                TIM13_IRQHandler
                0x08000424                TIM12_IRQHandler
                0x08000424                TIM7_IRQHandler
                0x08000424                CAN2_TX_IRQHandler
                0x08000424                TIM5_IRQHandler
                0x08000424                EXTI9_5_IRQHandler
                0x08000424                ETH_WKUP_IRQHandler
                0x08000424                SPI2_IRQHandler
                0x08000424                CAN1_TX_IRQHandler
                0x08000424                DMA2_Channel5_IRQHandler
                0x08000424                DMA1_Channel5_IRQHandler
                0x08000424                EXTI4_IRQHandler
                0x08000424                USB_LP_CAN1_RX0_IRQHandler
                0x08000424                TIM1_TRG_COM_TIM17_IRQHandler
                0x08000424                USB_HP_CAN1_TX_IRQHandler
                0x08000424                DMA1_Channel3_IRQHandler
                0x08000424                FSMC_IRQHandler
                0x08000424                ETH_IRQHandler
                0x08000424                TIM1_UP_IRQHandler
                0x08000424                WWDG_IRQHandler
                0x08000424                OTG_FS_WKUP_IRQHandler
                0x08000424                TIM1_TRG_COM_TIM11_IRQHandler
                0x08000424                TIM1_BRK_IRQHandler
                0x08000424                EXTI1_IRQHandler
                0x08000424                RTCAlarm_IRQHandler
                0x08000424                DMA2_Channel4_5_IRQHandler
                0x08000424                USART2_IRQHandler
                0x08000424                I2C2_ER_IRQHandler
                0x08000424                DMA1_Channel2_IRQHandler
                0x08000424                TIM8_BRK_IRQHandler
                0x08000424                CAN1_SCE_IRQHandler
                0x08000424                FLASH_IRQHandler
                0x08000424                USART1_IRQHandler
                0x08000424                OTG_FS_IRQHandler
                0x08000424                SPI3_IRQHandler
                0x08000424                I2C1_ER_IRQHandler
                0x08000424                USBWakeUp_IRQHandler
                0x08000424                DMA2_Channel3_IRQHandler
                0x08000424                TIM1_BRK_TIM15_IRQHandler

.inits          0x08000428       0x28
                0x08000428                __data_regions_array_start = .
                0x08000428        0x4 LONG 0x80024f0 LOADADDR (.data)
                0x0800042c        0x4 LONG 0x20000000 ADDR (.data)
                0x08000430        0x4 LONG 0x200000a0 (ADDR (.data) + SIZEOF (.data))
                0x08000434        0x4 LONG 0x80024f0 LOADADDR (.data_CCMRAM)
                0x08000438        0x4 LONG 0x0 ADDR (.data_CCMRAM)
                0x0800043c        0x4 LONG 0x0 (ADDR (.data_CCMRAM) + SIZEOF (.data_CCMRAM))
                0x08000440                __data_regions_array_end = .
                0x08000440                __bss_regions_array_start = .
                0x08000440        0x4 LONG 0x200000a0 ADDR (.bss)
                0x08000444        0x4 LONG 0x20000140 (ADDR (.bss) + SIZEOF (.bss))
                0x08000448        0x4 LONG 0x0 ADDR (.bss_CCMRAM)
                0x0800044c        0x4 LONG 0x0 (ADDR (.bss_CCMRAM) + SIZEOF (.bss_CCMRAM))
                0x08000450                __bss_regions_array_end = .
 *(.init)
 *(.fini)
                0x08000450                . = ALIGN (0x4)
                0x08000450                PROVIDE (__preinit_array_start, .)
 *(.preinit_array_sysinit .preinit_array_sysinit.*)
 *(.preinit_array_platform .preinit_array_platform.*)
 *(.preinit_array .preinit_array.*)
                0x08000450                PROVIDE (__preinit_array_end, .)
                0x08000450                . = ALIGN (0x4)
                0x08000450                PROVIDE (__init_array_start, .)
 *(SORT(.init_array.*))
 *(.init_array)
                0x08000450                PROVIDE (__init_array_end, .)
                0x08000450                . = ALIGN (0x4)
                0x08000450                PROVIDE (__fini_array_start, .)
 *(SORT(.fini_array.*))
 *(.fini_array)
                0x08000450                PROVIDE (__fini_array_end, .)

.flashtext
 *(.flashtext .flashtext.*)

.text           0x08000450     0x209f
 *(.text .text.*)
 .text.NVIC_PriorityGroupConfig
                0x08000450       0x40 ./system/src/stm32f1-stdperiph/misc.o
                0x08000450                NVIC_PriorityGroupConfig
 .text.NVIC_Init
                0x08000490       0x9c ./system/src/stm32f1-stdperiph/misc.o
                0x08000490                NVIC_Init
 .text.GPIO_Init
                0x0800052c      0x130 ./system/src/stm32f1-stdperiph/stm32f10x_gpio.o
                0x0800052c                GPIO_Init
 .text.GPIO_SetBits
                0x0800065c       0x60 ./system/src/stm32f1-stdperiph/stm32f10x_gpio.o
                0x0800065c                GPIO_SetBits
 .text.GPIO_ResetBits
                0x080006bc       0x60 ./system/src/stm32f1-stdperiph/stm32f10x_gpio.o
                0x080006bc                GPIO_ResetBits
 .text.RCC_GetClocksFreq
                0x0800071c       0xbc ./system/src/stm32f1-stdperiph/stm32f10x_rcc.o
                0x0800071c                RCC_GetClocksFreq
 .text.RCC_APB2PeriphClockCmd
                0x080007d8       0x4c ./system/src/stm32f1-stdperiph/stm32f10x_rcc.o
                0x080007d8                RCC_APB2PeriphClockCmd
 .text.RCC_APB1PeriphClockCmd
                0x08000824       0x4c ./system/src/stm32f1-stdperiph/stm32f10x_rcc.o
                0x08000824                RCC_APB1PeriphClockCmd
 .text.TIM_TimeBaseInit
                0x08000870      0x15c ./system/src/stm32f1-stdperiph/stm32f10x_tim.o
                0x08000870                TIM_TimeBaseInit
 .text.TIM_Cmd  0x080009cc       0xc8 ./system/src/stm32f1-stdperiph/stm32f10x_tim.o
                0x080009cc                TIM_Cmd
 .text.TIM_ITConfig
                0x08000a94       0xd8 ./system/src/stm32f1-stdperiph/stm32f10x_tim.o
                0x08000a94                TIM_ITConfig
 .text.TIM_ClearFlag
                0x08000b6c       0xb8 ./system/src/stm32f1-stdperiph/stm32f10x_tim.o
                0x08000b6c                TIM_ClearFlag
 .text.TIM_GetITStatus
                0x08000c24       0xe0 ./system/src/stm32f1-stdperiph/stm32f10x_tim.o
                0x08000c24                TIM_GetITStatus
 .text.TIM_ClearITPendingBit
                0x08000d04       0xb8 ./system/src/stm32f1-stdperiph/stm32f10x_tim.o
                0x08000d04                TIM_ClearITPendingBit
 .text.USART_Init
                0x08000dbc      0x1b0 ./system/src/stm32f1-stdperiph/stm32f10x_usart.o
                0x08000dbc                USART_Init
 .text.USART_Cmd
                0x08000f6c       0x68 ./system/src/stm32f1-stdperiph/stm32f10x_usart.o
                0x08000f6c                USART_Cmd
 .text.USART_ITConfig
                0x08000fd4       0xf0 ./system/src/stm32f1-stdperiph/stm32f10x_usart.o
                0x08000fd4                USART_ITConfig
 .text.USART_SendData
                0x080010c4       0x58 ./system/src/stm32f1-stdperiph/stm32f10x_usart.o
                0x080010c4                USART_SendData
 .text.USART_GetFlagStatus
                0x0800111c       0xac ./system/src/stm32f1-stdperiph/stm32f10x_usart.o
                0x0800111c                USART_GetFlagStatus
 .text._exit    0x080011c8        0x2 ./system/src/newlib/_exit.o
                0x080011c8                _exit
 *fill*         0x080011ca        0x2 
 .text.abort    0x080011cc       0x14 ./system/src/newlib/_exit.o
                0x080011cc                abort
 .text._sbrk    0x080011e0       0x44 ./system/src/newlib/_sbrk.o
                0x080011e0                _sbrk
 .text.__initialize_args
                0x08001224       0x10 ./system/src/newlib/_syscalls.o
                0x08001224                __initialize_args
 .text.assert_failed
                0x08001234       0x14 ./system/src/newlib/assert.o
                0x08001234                assert_failed
 .text.trace_printf
                0x08001248       0x30 ./system/src/diag/Trace.o
                0x08001248                trace_printf
 .text.trace_puts
                0x08001278       0x20 ./system/src/diag/Trace.o
                0x08001278                trace_puts
 .text._trace_write_semihosting_debug
                0x08001298       0x60 ./system/src/diag/trace_impl.o
 .text.trace_write
                0x080012f8        0x8 ./system/src/diag/trace_impl.o
                0x080012f8                trace_write
 .text.__initialize_hardware_early
                0x08001300       0x18 ./system/src/cortexm/_initialize_hardware.o
                0x08001300                __initialize_hardware_early
 .text.__initialize_hardware
                0x08001318        0x8 ./system/src/cortexm/_initialize_hardware.o
                0x08001318                __initialize_hardware
 .text.dumpExceptionStack
                0x08001320       0xf4 ./system/src/cortexm/exception_handlers.o
                0x08001320                dumpExceptionStack
 .text.isSemihosting
                0x08001414       0x20 ./system/src/cortexm/exception_handlers.o
                0x08001414                isSemihosting
 .text.SetSysClockTo72
                0x08001434       0xc4 ./system/src/cmsis/system_stm32f10x.o
 .text.SetSysClock
                0x080014f8        0x8 ./system/src/cmsis/system_stm32f10x.o
 .text.SystemInit
                0x08001500       0x50 ./system/src/cmsis/system_stm32f10x.o
                0x08001500                SystemInit
 .text.SystemCoreClockUpdate
                0x08001550       0x94 ./system/src/cmsis/system_stm32f10x.o
                0x08001550                SystemCoreClockUpdate
 .text.TIM2_Configuration
                0x080015e4       0x5a ./src/bsp_tim.o
                0x080015e4                TIM2_Configuration
 .text.TIM2_NVIC_Configuration
                0x0800163e       0x30 ./src/bsp_tim.o
                0x0800163e                TIM2_NVIC_Configuration
 .text.tim_init
                0x0800166e       0x14 ./src/bsp_tim.o
                0x0800166e                tim_init
 *fill*         0x08001682        0x2 
 .text.usart1_gpio_init
                0x08001684       0x4c ./src/bsp_usart.o
                0x08001684                usart1_gpio_init
 .text.usart1_nvic_init
                0x080016d0       0x2e ./src/bsp_usart.o
                0x080016d0                usart1_nvic_init
 *fill*         0x080016fe        0x2 
 .text.usart1_init
                0x08001700       0x5c ./src/bsp_usart.o
                0x08001700                usart1_init
 .text.usart1_write
                0x0800175c       0x2c ./src/bsp_usart.o
                0x0800175c                usart1_write
 .text.Debug_usart_gpio_init
                0x08001788       0x48 ./src/bsp_usart.o
                0x08001788                Debug_usart_gpio_init
 .text.Debug_usart_nvic_init
                0x080017d0       0x2a ./src/bsp_usart.o
                0x080017d0                Debug_usart_nvic_init
 *fill*         0x080017fa        0x2 
 .text.Debug_usart_init
                0x080017fc       0x5c ./src/bsp_usart.o
                0x080017fc                Debug_usart_init
 .text.Debug_usart_write
                0x08001858       0x30 ./src/bsp_usart.o
                0x08001858                Debug_usart_write
 .text.is_download_pin_init
                0x08001888       0x34 ./src/main.o
                0x08001888                is_download_pin_init
 .text.light_pin_init
                0x080018bc       0x50 ./src/main.o
                0x080018bc                light_pin_init
 .text.main     0x0800190c       0x4c ./src/main.o
                0x0800190c                main
 .text.TIM2_IRQHandler
                0x08001958       0x4c ./src/main.o
                0x08001958                TIM2_IRQHandler
 .text.__errno  0x080019a4        0xc c:/program files (x86)/gnu tools arm embedded/6.2 2016q4/bin/../lib/gcc/arm-none-eabi/6.2.1/../../../../arm-none-eabi/lib/thumb/v7-m\libg_nano.a(lib_a-errno.o)
                0x080019a4                __errno
 .text          0x080019b0       0x10 c:/program files (x86)/gnu tools arm embedded/6.2 2016q4/bin/../lib/gcc/arm-none-eabi/6.2.1/../../../../arm-none-eabi/lib/thumb/v7-m\libg_nano.a(lib_a-strlen.o)
                0x080019b0                strlen
 .text._vsnprintf_r
                0x080019c0       0x58 c:/program files (x86)/gnu tools arm embedded/6.2 2016q4/bin/../lib/gcc/arm-none-eabi/6.2.1/../../../../arm-none-eabi/lib/thumb/v7-m\libg_nano.a(lib_a-vsnprintf.o)
                0x080019c0                _vsniprintf_r
                0x080019c0                _vsnprintf_r
 .text.vsnprintf
                0x08001a18       0x1c c:/program files (x86)/gnu tools arm embedded/6.2 2016q4/bin/../lib/gcc/arm-none-eabi/6.2.1/../../../../arm-none-eabi/lib/thumb/v7-m\libg_nano.a(lib_a-vsnprintf.o)
                0x08001a18                vsniprintf
                0x08001a18                vsnprintf
 .text.__ssputs_r
                0x08001a34       0xb6 c:/program files (x86)/gnu tools arm embedded/6.2 2016q4/bin/../lib/gcc/arm-none-eabi/6.2.1/../../../../arm-none-eabi/lib/thumb/v7-m\libg_nano.a(lib_a-nano-svfprintf.o)
                0x08001a34                __ssputs_r
 *fill*         0x08001aea        0x2 
 .text._svfprintf_r
                0x08001aec      0x1e8 c:/program files (x86)/gnu tools arm embedded/6.2 2016q4/bin/../lib/gcc/arm-none-eabi/6.2.1/../../../../arm-none-eabi/lib/thumb/v7-m\libg_nano.a(lib_a-nano-svfprintf.o)
                0x08001aec                _svfiprintf_r
                0x08001aec                _svfprintf_r
 .text._printf_common
                0x08001cd4       0xee c:/program files (x86)/gnu tools arm embedded/6.2 2016q4/bin/../lib/gcc/arm-none-eabi/6.2.1/../../../../arm-none-eabi/lib/thumb/v7-m\libg_nano.a(lib_a-nano-vfprintf_i.o)
                0x08001cd4                _printf_common
 *fill*         0x08001dc2        0x2 
 .text._printf_i
                0x08001dc4      0x240 c:/program files (x86)/gnu tools arm embedded/6.2 2016q4/bin/../lib/gcc/arm-none-eabi/6.2.1/../../../../arm-none-eabi/lib/thumb/v7-m\libg_nano.a(lib_a-nano-vfprintf_i.o)
                0x08001dc4                _printf_i
 .text.memchr   0x08002004       0x1c c:/program files (x86)/gnu tools arm embedded/6.2 2016q4/bin/../lib/gcc/arm-none-eabi/6.2.1/../../../../arm-none-eabi/lib/thumb/v7-m\libg_nano.a(lib_a-memchr-stub.o)
                0x08002004                memchr
 .text.memcpy   0x08002020       0x16 c:/program files (x86)/gnu tools arm embedded/6.2 2016q4/bin/../lib/gcc/arm-none-eabi/6.2.1/../../../../arm-none-eabi/lib/thumb/v7-m\libg_nano.a(lib_a-memcpy-stub.o)
                0x08002020                memcpy
 .text.memmove  0x08002036       0x34 c:/program files (x86)/gnu tools arm embedded/6.2 2016q4/bin/../lib/gcc/arm-none-eabi/6.2.1/../../../../arm-none-eabi/lib/thumb/v7-m\libg_nano.a(lib_a-memmove.o)
                0x08002036                memmove
 *fill*         0x0800206a        0x2 
 .text._free_r  0x0800206c       0x98 c:/program files (x86)/gnu tools arm embedded/6.2 2016q4/bin/../lib/gcc/arm-none-eabi/6.2.1/../../../../arm-none-eabi/lib/thumb/v7-m\libg_nano.a(lib_a-nano-freer.o)
                0x0800206c                _free_r
 .text._malloc_r
                0x08002104       0xbc c:/program files (x86)/gnu tools arm embedded/6.2 2016q4/bin/../lib/gcc/arm-none-eabi/6.2.1/../../../../arm-none-eabi/lib/thumb/v7-m\libg_nano.a(lib_a-nano-mallocr.o)
                0x08002104                _malloc_r
 .text._realloc_r
                0x080021c0       0x4c c:/program files (x86)/gnu tools arm embedded/6.2 2016q4/bin/../lib/gcc/arm-none-eabi/6.2.1/../../../../arm-none-eabi/lib/thumb/v7-m\libg_nano.a(lib_a-nano-reallocr.o)
                0x080021c0                _realloc_r
 .text._sbrk_r  0x0800220c       0x20 c:/program files (x86)/gnu tools arm embedded/6.2 2016q4/bin/../lib/gcc/arm-none-eabi/6.2.1/../../../../arm-none-eabi/lib/thumb/v7-m\libg_nano.a(lib_a-sbrkr.o)
                0x0800220c                _sbrk_r
 .text.__malloc_lock
                0x0800222c        0x2 c:/program files (x86)/gnu tools arm embedded/6.2 2016q4/bin/../lib/gcc/arm-none-eabi/6.2.1/../../../../arm-none-eabi/lib/thumb/v7-m\libg_nano.a(lib_a-mlock.o)
                0x0800222c                __malloc_lock
 .text.__malloc_unlock
                0x0800222e        0x2 c:/program files (x86)/gnu tools arm embedded/6.2 2016q4/bin/../lib/gcc/arm-none-eabi/6.2.1/../../../../arm-none-eabi/lib/thumb/v7-m\libg_nano.a(lib_a-mlock.o)
                0x0800222e                __malloc_unlock
 .text._malloc_usable_size_r
                0x08002230       0x12 c:/program files (x86)/gnu tools arm embedded/6.2 2016q4/bin/../lib/gcc/arm-none-eabi/6.2.1/../../../../arm-none-eabi/lib/thumb/v7-m\libg_nano.a(lib_a-nano-msizer.o)
                0x08002230                _malloc_usable_size_r
 *(.rodata .rodata.* .constdata .constdata.*)
 *fill*         0x08002242        0x2 
 .rodata.NVIC_PriorityGroupConfig.str1.4
                0x08002244       0x27 ./system/src/stm32f1-stdperiph/misc.o
 *fill*         0x0800226b        0x1 
 .rodata.GPIO_DeInit.str1.4
                0x0800226c       0x31 ./system/src/stm32f1-stdperiph/stm32f10x_gpio.o
 *fill*         0x0800229d        0x3 
 .rodata.RCC_HSEConfig.str1.4
                0x080022a0       0x30 ./system/src/stm32f1-stdperiph/stm32f10x_rcc.o
 .rodata.TIM_DeInit.str1.4
                0x080022d0       0x30 ./system/src/stm32f1-stdperiph/stm32f10x_tim.o
 .rodata.USART_DeInit.str1.4
                0x08002300       0x32 ./system/src/stm32f1-stdperiph/stm32f10x_usart.o
 *fill*         0x08002332        0x2 
 .rodata.abort.str1.4
                0x08002334       0x14 ./system/src/newlib/_exit.o
 .rodata.assert_failed.str1.4
                0x08002348       0x2b ./system/src/newlib/assert.o
 .rodata.trace_puts.str1.4
                0x08002373       0x2b ./system/src/diag/Trace.o
                                  0x2 (size before relaxing)
 *fill*         0x08002373        0x1 
 .rodata.dumpExceptionStack.str1.4
                0x08002374      0x11a ./system/src/cortexm/exception_handlers.o
 *fill*         0x0800248e        0x2 
 .rodata.str1.4
                0x08002490       0x2c ./system/src/cortexm/exception_handlers.o
                                 0x2a (size before relaxing)
 .rodata._svfprintf_r.str1.1
                0x080024bc       0x11 c:/program files (x86)/gnu tools arm embedded/6.2 2016q4/bin/../lib/gcc/arm-none-eabi/6.2.1/../../../../arm-none-eabi/lib/thumb/v7-m\libg_nano.a(lib_a-nano-svfprintf.o)
 .rodata._printf_i.str1.1
                0x080024cd       0x22 c:/program files (x86)/gnu tools arm embedded/6.2 2016q4/bin/../lib/gcc/arm-none-eabi/6.2.1/../../../../arm-none-eabi/lib/thumb/v7-m\libg_nano.a(lib_a-nano-vfprintf_i.o)
 *(vtable)
 *(.eh_frame*)
 *(.glue_7)
 .glue_7        0x080024ef        0x0 linker stubs
 *(.glue_7t)
 .glue_7t       0x080024ef        0x0 linker stubs

.vfp11_veneer   0x080024f0        0x0
 .vfp11_veneer  0x080024f0        0x0 linker stubs

.v4_bx          0x080024f0        0x0
 .v4_bx         0x080024f0        0x0 linker stubs

.iplt           0x080024f0        0x0
 .iplt          0x080024f0        0x0 ./system/src/stm32f1-stdperiph/misc.o

.rel.dyn        0x080024f0        0x0
 .rel.iplt      0x080024f0        0x0 ./system/src/stm32f1-stdperiph/misc.o

.ARM.extab
 *(.ARM.extab* .gnu.linkonce.armextab.*)
                0x080024f0                . = ALIGN (0x4)
                0x080024f0                __exidx_start = .

.ARM.exidx
 *(.ARM.exidx* .gnu.linkonce.armexidx.*)
                0x080024f0                __exidx_end = .
                0x080024f0                . = ALIGN (0x4)
                0x080024f0                _etext = .
                0x080024f0                __etext = .

.data_CCMRAM    0x00000000        0x0 load address 0x080024f0
 FILL mask 0xff
 *(.data.CCMRAM .data.CCMRAM.*)
                0x00000000                . = ALIGN (0x4)
                0x080024f0                _sidata = LOADADDR (.data)

.data           0x20000000       0xa0 load address 0x080024f0
 FILL mask 0xff
                0x20000000                _sdata = .
                0x20000000                __data_start__ = .
 *(.data_begin .data_begin.*)
 .data_begin    0x20000000        0x4 ./system/src/newlib/_startup.o
 *(.data .data.*)
 .data.ADCPrescTable
                0x20000004        0x4 ./system/src/stm32f1-stdperiph/stm32f10x_rcc.o
 .data.APBAHBPrescTable
                0x20000008       0x10 ./system/src/stm32f1-stdperiph/stm32f10x_rcc.o
 .data.argv.4243
                0x20000018        0x8 ./system/src/newlib/_syscalls.o
 .data.AHBPrescTable
                0x20000020       0x10 ./system/src/cmsis/system_stm32f10x.o
                0x20000020                AHBPrescTable
 .data.SystemCoreClock
                0x20000030        0x4 ./system/src/cmsis/system_stm32f10x.o
                0x20000030                SystemCoreClock
 .data.key_backup
                0x20000034        0x1 ./src/main.o
                0x20000034                key_backup
 .data.key_status
                0x20000035        0x1 ./src/main.o
                0x20000035                key_status
 *fill*         0x20000036        0x2 ff
 .data._impure_ptr
                0x20000038        0x4 c:/program files (x86)/gnu tools arm embedded/6.2 2016q4/bin/../lib/gcc/arm-none-eabi/6.2.1/../../../../arm-none-eabi/lib/thumb/v7-m\libg_nano.a(lib_a-impure.o)
                0x20000038                _impure_ptr
 .data.impure_data
                0x2000003c       0x60 c:/program files (x86)/gnu tools arm embedded/6.2 2016q4/bin/../lib/gcc/arm-none-eabi/6.2.1/../../../../arm-none-eabi/lib/thumb/v7-m\libg_nano.a(lib_a-impure.o)
 *(.data_end .data_end.*)
 .data_end      0x2000009c        0x4 ./system/src/newlib/_startup.o
                0x200000a0                . = ALIGN (0x4)
                0x200000a0                _edata = .
                0x200000a0                __data_end__ = .

.igot.plt       0x200000a0        0x0 load address 0x08002590
 .igot.plt      0x200000a0        0x0 ./system/src/stm32f1-stdperiph/misc.o

.bss_CCMRAM     0x00000000        0x0
 *(.bss.CCMRAM .bss.CCMRAM.*)

.bss            0x200000a0       0xa0
                0x200000a0                __bss_start__ = .
                0x200000a0                _sbss = .
 *(.bss_begin .bss_begin.*)
 .bss_begin     0x200000a0        0x4 ./system/src/newlib/_startup.o
 *(.bss .bss.*)
 .bss.current_heap_end.3927
                0x200000a4        0x4 ./system/src/newlib/_sbrk.o
 .bss.name.4242
                0x200000a8        0x1 ./system/src/newlib/_syscalls.o
 *fill*         0x200000a9        0x3 
 .bss.buf.5132  0x200000ac       0x80 ./system/src/diag/Trace.o
 .bss.key_time.7974
                0x2000012c        0x4 ./src/main.o
 .bss.__malloc_free_list
                0x20000130        0x4 c:/program files (x86)/gnu tools arm embedded/6.2 2016q4/bin/../lib/gcc/arm-none-eabi/6.2.1/../../../../arm-none-eabi/lib/thumb/v7-m\libg_nano.a(lib_a-nano-mallocr.o)
                0x20000130                __malloc_free_list
 .bss.__malloc_sbrk_start
                0x20000134        0x4 c:/program files (x86)/gnu tools arm embedded/6.2 2016q4/bin/../lib/gcc/arm-none-eabi/6.2.1/../../../../arm-none-eabi/lib/thumb/v7-m\libg_nano.a(lib_a-nano-mallocr.o)
                0x20000134                __malloc_sbrk_start
 *(COMMON)
 COMMON         0x20000138        0x4 ./system/src/newlib/_syscalls.o
                0x20000138                errno
 *(.bss_end .bss_end.*)
 .bss_end       0x2000013c        0x4 ./system/src/newlib/_startup.o
                0x20000140                . = ALIGN (0x4)
                0x20000140                __bss_end__ = .
                0x20000140                _ebss = .

.noinit_CCMRAM
 *(.noinit.CCMRAM .noinit.CCMRAM.*)

.noinit         0x20000140        0x0
                0x20000140                _noinit = .
 *(.noinit .noinit.*)
                0x20000140                . = ALIGN (0x4)
                0x20000140                _end_noinit = .
                [!provide]                PROVIDE (end, _end_noinit)
                [!provide]                PROVIDE (_end, _end_noinit)
                [!provide]                PROVIDE (__end, _end_noinit)
                [!provide]                PROVIDE (__end__, _end_noinit)

._check_stack   0x20000140      0x100
                0x20000240                . = (. + _Minimum_Stack_Size)
 *fill*         0x20000140      0x100 

.b1text
 *(.b1text)
 *(.b1rodata)
 *(.b1rodata.*)

.eb0text
 *(.eb0text)
 *(.eb0rodata)
 *(.eb0rodata.*)

.eb1text
 *(.eb1text)
 *(.eb1rodata)
 *(.eb1rodata.*)

.eb2text
 *(.eb2text)
 *(.eb2rodata)
 *(.eb2rodata.*)

.eb3text
 *(.eb3text)
 *(.eb3rodata)
 *(.eb3rodata.*)

.stab
 *(.stab)

.stabstr
 *(.stabstr)

.stab.excl
 *(.stab.excl)

.stab.exclstr
 *(.stab.exclstr)

.stab.index
 *(.stab.index)

.stab.indexstr
 *(.stab.indexstr)

.comment        0x00000000       0x6e
 *(.comment)
 .comment       0x00000000       0x6e ./system/src/stm32f1-stdperiph/misc.o
                                 0x6f (size before relaxing)
 .comment       0x0000006e       0x6f ./system/src/stm32f1-stdperiph/stm32f10x_gpio.o
 .comment       0x0000006e       0x6f ./system/src/stm32f1-stdperiph/stm32f10x_rcc.o
 .comment       0x0000006e       0x6f ./system/src/stm32f1-stdperiph/stm32f10x_tim.o
 .comment       0x0000006e       0x6f ./system/src/stm32f1-stdperiph/stm32f10x_usart.o
 .comment       0x0000006e       0x6f ./system/src/newlib/_exit.o
 .comment       0x0000006e       0x6f ./system/src/newlib/_sbrk.o
 .comment       0x0000006e       0x6f ./system/src/newlib/_startup.o
 .comment       0x0000006e       0x6f ./system/src/newlib/_syscalls.o
 .comment       0x0000006e       0x6f ./system/src/newlib/assert.o
 .comment       0x0000006e       0x6f ./system/src/diag/Trace.o
 .comment       0x0000006e       0x6f ./system/src/diag/trace_impl.o
 .comment       0x0000006e       0x6f ./system/src/cortexm/_initialize_hardware.o
 .comment       0x0000006e       0x6f ./system/src/cortexm/exception_handlers.o
 .comment       0x0000006e       0x6f ./system/src/cmsis/system_stm32f10x.o
 .comment       0x0000006e       0x6f ./system/src/cmsis/vectors_stm32f10x.o
 .comment       0x0000006e       0x6f ./src/bsp_tim.o
 .comment       0x0000006e       0x6f ./src/bsp_usart.o
 .comment       0x0000006e       0x6f ./src/main.o

.ARM.attributes
                0x00000000       0x31
 .ARM.attributes
                0x00000000       0x33 ./system/src/stm32f1-stdperiph/misc.o
 .ARM.attributes
                0x00000033       0x33 ./system/src/stm32f1-stdperiph/stm32f10x_gpio.o
 .ARM.attributes
                0x00000066       0x33 ./system/src/stm32f1-stdperiph/stm32f10x_rcc.o
 .ARM.attributes
                0x00000099       0x33 ./system/src/stm32f1-stdperiph/stm32f10x_tim.o
 .ARM.attributes
                0x000000cc       0x33 ./system/src/stm32f1-stdperiph/stm32f10x_usart.o
 .ARM.attributes
                0x000000ff       0x33 ./system/src/newlib/_exit.o
 .ARM.attributes
                0x00000132       0x33 ./system/src/newlib/_sbrk.o
 .ARM.attributes
                0x00000165       0x33 ./system/src/newlib/_startup.o
 .ARM.attributes
                0x00000198       0x33 ./system/src/newlib/_syscalls.o
 .ARM.attributes
                0x000001cb       0x33 ./system/src/newlib/assert.o
 .ARM.attributes
                0x000001fe       0x33 ./system/src/diag/Trace.o
 .ARM.attributes
                0x00000231       0x33 ./system/src/diag/trace_impl.o
 .ARM.attributes
                0x00000264       0x33 ./system/src/cortexm/_initialize_hardware.o
 .ARM.attributes
                0x00000297       0x33 ./system/src/cortexm/exception_handlers.o
 .ARM.attributes
                0x000002ca       0x33 ./system/src/cmsis/system_stm32f10x.o
 .ARM.attributes
                0x000002fd       0x33 ./system/src/cmsis/vectors_stm32f10x.o
 .ARM.attributes
                0x00000330       0x33 ./src/bsp_tim.o
 .ARM.attributes
                0x00000363       0x33 ./src/bsp_usart.o
 .ARM.attributes
                0x00000396       0x33 ./src/main.o
 .ARM.attributes
                0x000003c9       0x2d c:/program files (x86)/gnu tools arm embedded/6.2 2016q4/bin/../lib/gcc/arm-none-eabi/6.2.1/../../../../arm-none-eabi/lib/thumb/v7-m\libg_nano.a(lib_a-errno.o)
 .ARM.attributes
                0x000003f6       0x2d c:/program files (x86)/gnu tools arm embedded/6.2 2016q4/bin/../lib/gcc/arm-none-eabi/6.2.1/../../../../arm-none-eabi/lib/thumb/v7-m\libg_nano.a(lib_a-impure.o)
 .ARM.attributes
                0x00000423       0x17 c:/program files (x86)/gnu tools arm embedded/6.2 2016q4/bin/../lib/gcc/arm-none-eabi/6.2.1/../../../../arm-none-eabi/lib/thumb/v7-m\libg_nano.a(lib_a-strlen.o)
 .ARM.attributes
                0x0000043a       0x2d c:/program files (x86)/gnu tools arm embedded/6.2 2016q4/bin/../lib/gcc/arm-none-eabi/6.2.1/../../../../arm-none-eabi/lib/thumb/v7-m\libg_nano.a(lib_a-vsnprintf.o)
 .ARM.attributes
                0x00000467       0x2d c:/program files (x86)/gnu tools arm embedded/6.2 2016q4/bin/../lib/gcc/arm-none-eabi/6.2.1/../../../../arm-none-eabi/lib/thumb/v7-m\libg_nano.a(lib_a-nano-svfprintf.o)
 .ARM.attributes
                0x00000494       0x2d c:/program files (x86)/gnu tools arm embedded/6.2 2016q4/bin/../lib/gcc/arm-none-eabi/6.2.1/../../../../arm-none-eabi/lib/thumb/v7-m\libg_nano.a(lib_a-nano-vfprintf_i.o)
 .ARM.attributes
                0x000004c1       0x2d c:/program files (x86)/gnu tools arm embedded/6.2 2016q4/bin/../lib/gcc/arm-none-eabi/6.2.1/../../../../arm-none-eabi/lib/thumb/v7-m\libg_nano.a(lib_a-memchr-stub.o)
 .ARM.attributes
                0x000004ee       0x2d c:/program files (x86)/gnu tools arm embedded/6.2 2016q4/bin/../lib/gcc/arm-none-eabi/6.2.1/../../../../arm-none-eabi/lib/thumb/v7-m\libg_nano.a(lib_a-memcpy-stub.o)
 .ARM.attributes
                0x0000051b       0x2d c:/program files (x86)/gnu tools arm embedded/6.2 2016q4/bin/../lib/gcc/arm-none-eabi/6.2.1/../../../../arm-none-eabi/lib/thumb/v7-m\libg_nano.a(lib_a-memmove.o)
 .ARM.attributes
                0x00000548       0x2d c:/program files (x86)/gnu tools arm embedded/6.2 2016q4/bin/../lib/gcc/arm-none-eabi/6.2.1/../../../../arm-none-eabi/lib/thumb/v7-m\libg_nano.a(lib_a-nano-freer.o)
 .ARM.attributes
                0x00000575       0x2d c:/program files (x86)/gnu tools arm embedded/6.2 2016q4/bin/../lib/gcc/arm-none-eabi/6.2.1/../../../../arm-none-eabi/lib/thumb/v7-m\libg_nano.a(lib_a-nano-mallocr.o)
 .ARM.attributes
                0x000005a2       0x2d c:/program files (x86)/gnu tools arm embedded/6.2 2016q4/bin/../lib/gcc/arm-none-eabi/6.2.1/../../../../arm-none-eabi/lib/thumb/v7-m\libg_nano.a(lib_a-nano-reallocr.o)
 .ARM.attributes
                0x000005cf       0x2d c:/program files (x86)/gnu tools arm embedded/6.2 2016q4/bin/../lib/gcc/arm-none-eabi/6.2.1/../../../../arm-none-eabi/lib/thumb/v7-m\libg_nano.a(lib_a-sbrkr.o)
 .ARM.attributes
                0x000005fc       0x2d c:/program files (x86)/gnu tools arm embedded/6.2 2016q4/bin/../lib/gcc/arm-none-eabi/6.2.1/../../../../arm-none-eabi/lib/thumb/v7-m\libg_nano.a(lib_a-mlock.o)
 .ARM.attributes
                0x00000629       0x2d c:/program files (x86)/gnu tools arm embedded/6.2 2016q4/bin/../lib/gcc/arm-none-eabi/6.2.1/../../../../arm-none-eabi/lib/thumb/v7-m\libg_nano.a(lib_a-nano-msizer.o)

.debug
 *(.debug)

.line
 *(.line)

.debug_srcinfo
 *(.debug_srcinfo)

.debug_sfnames
 *(.debug_sfnames)

.debug_aranges  0x00000000      0x938
 *(.debug_aranges)
 .debug_aranges
                0x00000000       0x40 ./system/src/stm32f1-stdperiph/misc.o
 .debug_aranges
                0x00000040       0xa8 ./system/src/stm32f1-stdperiph/stm32f10x_gpio.o
 .debug_aranges
                0x000000e8      0x118 ./system/src/stm32f1-stdperiph/stm32f10x_rcc.o
 .debug_aranges
                0x00000200      0x2f0 ./system/src/stm32f1-stdperiph/stm32f10x_tim.o
 .debug_aranges
                0x000004f0      0x100 ./system/src/stm32f1-stdperiph/stm32f10x_usart.o
 .debug_aranges
                0x000005f0       0x28 ./system/src/newlib/_exit.o
 .debug_aranges
                0x00000618       0x20 ./system/src/newlib/_sbrk.o
 .debug_aranges
                0x00000638       0x40 ./system/src/newlib/_startup.o
 .debug_aranges
                0x00000678       0x30 ./system/src/newlib/_syscalls.o
 .debug_aranges
                0x000006a8       0x28 ./system/src/newlib/assert.o
 .debug_aranges
                0x000006d0       0x38 ./system/src/diag/Trace.o
 .debug_aranges
                0x00000708       0x30 ./system/src/diag/trace_impl.o
 .debug_aranges
                0x00000738       0x28 ./system/src/cortexm/_initialize_hardware.o
 .debug_aranges
                0x00000760       0x90 ./system/src/cortexm/exception_handlers.o
 .debug_aranges
                0x000007f0       0x38 ./system/src/cmsis/system_stm32f10x.o
 .debug_aranges
                0x00000828       0x20 ./system/src/cmsis/vectors_stm32f10x.o
 .debug_aranges
                0x00000848       0x40 ./src/bsp_tim.o
 .debug_aranges
                0x00000888       0x70 ./src/bsp_usart.o
 .debug_aranges
                0x000008f8       0x40 ./src/main.o

.debug_pubnames
 *(.debug_pubnames)

.debug_info     0x00000000     0xe0f2
 *(.debug_info .gnu.linkonce.wi.*)
 .debug_info    0x00000000      0x63a ./system/src/stm32f1-stdperiph/misc.o
 .debug_info    0x0000063a      0xbd6 ./system/src/stm32f1-stdperiph/stm32f10x_gpio.o
 .debug_info    0x00001210      0xc7b ./system/src/stm32f1-stdperiph/stm32f10x_rcc.o
 .debug_info    0x00001e8b     0x3931 ./system/src/stm32f1-stdperiph/stm32f10x_tim.o
 .debug_info    0x000057bc     0x128b ./system/src/stm32f1-stdperiph/stm32f10x_usart.o
 .debug_info    0x00006a47      0x952 ./system/src/newlib/_exit.o
 .debug_info    0x00007399      0x93e ./system/src/newlib/_sbrk.o
 .debug_info    0x00007cd7      0x434 ./system/src/newlib/_startup.o
 .debug_info    0x0000810b      0xa15 ./system/src/newlib/_syscalls.o
 .debug_info    0x00008b20      0x9fb ./system/src/newlib/assert.o
 .debug_info    0x0000951b      0xb26 ./system/src/diag/Trace.o
 .debug_info    0x0000a041      0x36c ./system/src/diag/trace_impl.o
 .debug_info    0x0000a3ad      0x2bc ./system/src/cortexm/_initialize_hardware.o
 .debug_info    0x0000a669     0x113b ./system/src/cortexm/exception_handlers.o
 .debug_info    0x0000b7a4      0x49a ./system/src/cmsis/system_stm32f10x.o
 .debug_info    0x0000bc3e       0xd1 ./system/src/cmsis/vectors_stm32f10x.o
 .debug_info    0x0000bd0f      0x7d1 ./src/bsp_tim.o
 .debug_info    0x0000c4e0      0xb11 ./src/bsp_usart.o
 .debug_info    0x0000cff1     0x1101 ./src/main.o

.debug_abbrev   0x00000000     0x23de
 *(.debug_abbrev)
 .debug_abbrev  0x00000000      0x192 ./system/src/stm32f1-stdperiph/misc.o
 .debug_abbrev  0x00000192      0x205 ./system/src/stm32f1-stdperiph/stm32f10x_gpio.o
 .debug_abbrev  0x00000397      0x209 ./system/src/stm32f1-stdperiph/stm32f10x_rcc.o
 .debug_abbrev  0x000005a0      0x1e9 ./system/src/stm32f1-stdperiph/stm32f10x_tim.o
 .debug_abbrev  0x00000789      0x1de ./system/src/stm32f1-stdperiph/stm32f10x_usart.o
 .debug_abbrev  0x00000967      0x1f3 ./system/src/newlib/_exit.o
 .debug_abbrev  0x00000b5a      0x1fc ./system/src/newlib/_sbrk.o
 .debug_abbrev  0x00000d56      0x1c4 ./system/src/newlib/_startup.o
 .debug_abbrev  0x00000f1a      0x234 ./system/src/newlib/_syscalls.o
 .debug_abbrev  0x0000114e      0x1f3 ./system/src/newlib/assert.o
 .debug_abbrev  0x00001341      0x276 ./system/src/diag/Trace.o
 .debug_abbrev  0x000015b7      0x1d3 ./system/src/diag/trace_impl.o
 .debug_abbrev  0x0000178a       0xea ./system/src/cortexm/_initialize_hardware.o
 .debug_abbrev  0x00001874      0x329 ./system/src/cortexm/exception_handlers.o
 .debug_abbrev  0x00001b9d      0x175 ./system/src/cmsis/system_stm32f10x.o
 .debug_abbrev  0x00001d12       0x9d ./system/src/cmsis/vectors_stm32f10x.o
 .debug_abbrev  0x00001daf      0x183 ./src/bsp_tim.o
 .debug_abbrev  0x00001f32      0x20f ./src/bsp_usart.o
 .debug_abbrev  0x00002141      0x29d ./src/main.o

.debug_line     0x00000000     0x7f1b
 *(.debug_line)
 .debug_line    0x00000000      0x40d ./system/src/stm32f1-stdperiph/misc.o
 .debug_line    0x0000040d      0x8ee ./system/src/stm32f1-stdperiph/stm32f10x_gpio.o
 .debug_line    0x00000cfb      0x84c ./system/src/stm32f1-stdperiph/stm32f10x_rcc.o
 .debug_line    0x00001547     0x2585 ./system/src/stm32f1-stdperiph/stm32f10x_tim.o
 .debug_line    0x00003acc      0xae8 ./system/src/stm32f1-stdperiph/stm32f10x_usart.o
 .debug_line    0x000045b4      0x34f ./system/src/newlib/_exit.o
 .debug_line    0x00004903      0x304 ./system/src/newlib/_sbrk.o
 .debug_line    0x00004c07      0x3be ./system/src/newlib/_startup.o
 .debug_line    0x00004fc5      0x41c ./system/src/newlib/_syscalls.o
 .debug_line    0x000053e1      0x38a ./system/src/newlib/assert.o
 .debug_line    0x0000576b      0x3bb ./system/src/diag/Trace.o
 .debug_line    0x00005b26      0x635 ./system/src/diag/trace_impl.o
 .debug_line    0x0000615b      0x373 ./system/src/cortexm/_initialize_hardware.o
 .debug_line    0x000064ce      0x6ec ./system/src/cortexm/exception_handlers.o
 .debug_line    0x00006bba      0x3e7 ./system/src/cmsis/system_stm32f10x.o
 .debug_line    0x00006fa1      0x103 ./system/src/cmsis/vectors_stm32f10x.o
 .debug_line    0x000070a4      0x399 ./src/bsp_tim.o
 .debug_line    0x0000743d      0x45f ./src/bsp_usart.o
 .debug_line    0x0000789c      0x67f ./src/main.o

.debug_frame    0x00000000     0x1cb4
 *(.debug_frame)
 .debug_frame   0x00000000       0x90 ./system/src/stm32f1-stdperiph/misc.o
 .debug_frame   0x00000090      0x1e8 ./system/src/stm32f1-stdperiph/stm32f10x_gpio.o
 .debug_frame   0x00000278      0x320 ./system/src/stm32f1-stdperiph/stm32f10x_rcc.o
 .debug_frame   0x00000598      0x9fc ./system/src/stm32f1-stdperiph/stm32f10x_tim.o
 .debug_frame   0x00000f94      0x320 ./system/src/stm32f1-stdperiph/stm32f10x_usart.o
 .debug_frame   0x000012b4       0x38 ./system/src/newlib/_exit.o
 .debug_frame   0x000012ec       0x28 ./system/src/newlib/_sbrk.o
 .debug_frame   0x00001314       0x7c ./system/src/newlib/_startup.o
 .debug_frame   0x00001390       0x50 ./system/src/newlib/_syscalls.o
 .debug_frame   0x000013e0       0x40 ./system/src/newlib/assert.o
 .debug_frame   0x00001420       0x94 ./system/src/diag/Trace.o
 .debug_frame   0x000014b4       0x64 ./system/src/diag/trace_impl.o
 .debug_frame   0x00001518       0x40 ./system/src/cortexm/_initialize_hardware.o
 .debug_frame   0x00001558      0x158 ./system/src/cortexm/exception_handlers.o
 .debug_frame   0x000016b0       0x6c ./system/src/cmsis/system_stm32f10x.o
 .debug_frame   0x0000171c       0x20 ./system/src/cmsis/vectors_stm32f10x.o
 .debug_frame   0x0000173c       0x94 ./src/bsp_tim.o
 .debug_frame   0x000017d0      0x158 ./src/bsp_usart.o
 .debug_frame   0x00001928       0x9c ./src/main.o
 .debug_frame   0x000019c4       0x20 c:/program files (x86)/gnu tools arm embedded/6.2 2016q4/bin/../lib/gcc/arm-none-eabi/6.2.1/../../../../arm-none-eabi/lib/thumb/v7-m\libg_nano.a(lib_a-errno.o)
 .debug_frame   0x000019e4       0x4c c:/program files (x86)/gnu tools arm embedded/6.2 2016q4/bin/../lib/gcc/arm-none-eabi/6.2.1/../../../../arm-none-eabi/lib/thumb/v7-m\libg_nano.a(lib_a-vsnprintf.o)
 .debug_frame   0x00001a30       0x90 c:/program files (x86)/gnu tools arm embedded/6.2 2016q4/bin/../lib/gcc/arm-none-eabi/6.2.1/../../../../arm-none-eabi/lib/thumb/v7-m\libg_nano.a(lib_a-nano-svfprintf.o)
 .debug_frame   0x00001ac0       0x60 c:/program files (x86)/gnu tools arm embedded/6.2 2016q4/bin/../lib/gcc/arm-none-eabi/6.2.1/../../../../arm-none-eabi/lib/thumb/v7-m\libg_nano.a(lib_a-nano-vfprintf_i.o)
 .debug_frame   0x00001b20       0x28 c:/program files (x86)/gnu tools arm embedded/6.2 2016q4/bin/../lib/gcc/arm-none-eabi/6.2.1/../../../../arm-none-eabi/lib/thumb/v7-m\libg_nano.a(lib_a-memchr-stub.o)
 .debug_frame   0x00001b48       0x28 c:/program files (x86)/gnu tools arm embedded/6.2 2016q4/bin/../lib/gcc/arm-none-eabi/6.2.1/../../../../arm-none-eabi/lib/thumb/v7-m\libg_nano.a(lib_a-memcpy-stub.o)
 .debug_frame   0x00001b70       0x28 c:/program files (x86)/gnu tools arm embedded/6.2 2016q4/bin/../lib/gcc/arm-none-eabi/6.2.1/../../../../arm-none-eabi/lib/thumb/v7-m\libg_nano.a(lib_a-memmove.o)
 .debug_frame   0x00001b98       0x38 c:/program files (x86)/gnu tools arm embedded/6.2 2016q4/bin/../lib/gcc/arm-none-eabi/6.2.1/../../../../arm-none-eabi/lib/thumb/v7-m\libg_nano.a(lib_a-nano-freer.o)
 .debug_frame   0x00001bd0       0x2c c:/program files (x86)/gnu tools arm embedded/6.2 2016q4/bin/../lib/gcc/arm-none-eabi/6.2.1/../../../../arm-none-eabi/lib/thumb/v7-m\libg_nano.a(lib_a-nano-mallocr.o)
 .debug_frame   0x00001bfc       0x3c c:/program files (x86)/gnu tools arm embedded/6.2 2016q4/bin/../lib/gcc/arm-none-eabi/6.2.1/../../../../arm-none-eabi/lib/thumb/v7-m\libg_nano.a(lib_a-nano-reallocr.o)
 .debug_frame   0x00001c38       0x2c c:/program files (x86)/gnu tools arm embedded/6.2 2016q4/bin/../lib/gcc/arm-none-eabi/6.2.1/../../../../arm-none-eabi/lib/thumb/v7-m\libg_nano.a(lib_a-sbrkr.o)
 .debug_frame   0x00001c64       0x30 c:/program files (x86)/gnu tools arm embedded/6.2 2016q4/bin/../lib/gcc/arm-none-eabi/6.2.1/../../../../arm-none-eabi/lib/thumb/v7-m\libg_nano.a(lib_a-mlock.o)
 .debug_frame   0x00001c94       0x20 c:/program files (x86)/gnu tools arm embedded/6.2 2016q4/bin/../lib/gcc/arm-none-eabi/6.2.1/../../../../arm-none-eabi/lib/thumb/v7-m\libg_nano.a(lib_a-nano-msizer.o)

.debug_str      0x00000000    0x58204
 *(.debug_str)
 .debug_str     0x00000000    0x4e4e6 ./system/src/stm32f1-stdperiph/misc.o
                              0x4e66a (size before relaxing)
 .debug_str     0x0004e4e6      0x5d4 ./system/src/stm32f1-stdperiph/stm32f10x_gpio.o
                              0x4e9e8 (size before relaxing)
 .debug_str     0x0004eaba      0xb4a ./system/src/stm32f1-stdperiph/stm32f10x_rcc.o
                              0x4efb7 (size before relaxing)
 .debug_str     0x0004f604      0xc1d ./system/src/stm32f1-stdperiph/stm32f10x_tim.o
                              0x4f103 (size before relaxing)
 .debug_str     0x00050221      0x7f8 ./system/src/stm32f1-stdperiph/stm32f10x_usart.o
                              0x4ed21 (size before relaxing)
 .debug_str     0x00050a19     0x4c50 ./system/src/newlib/_exit.o
                               0x73ad (size before relaxing)
 .debug_str     0x00055669      0x4f5 ./system/src/newlib/_sbrk.o
                               0x6778 (size before relaxing)
 .debug_str     0x00055b5e      0x260 ./system/src/newlib/_startup.o
                               0x5f37 (size before relaxing)
 .debug_str     0x00055dbe      0xe2c ./system/src/newlib/_syscalls.o
                               0x75f4 (size before relaxing)
 .debug_str     0x00056bea       0xd0 ./system/src/newlib/assert.o
                               0x7eb2 (size before relaxing)
 .debug_str     0x00056cba      0x883 ./system/src/diag/Trace.o
                               0x7b93 (size before relaxing)
 .debug_str     0x0005753d      0x37b ./system/src/diag/trace_impl.o
                              0x523b2 (size before relaxing)
 .debug_str     0x000578b8       0x5e ./system/src/cortexm/_initialize_hardware.o
                              0x4e4d2 (size before relaxing)
 .debug_str     0x00057916      0x19d ./system/src/cortexm/exception_handlers.o
                              0x5354a (size before relaxing)
 .debug_str     0x00057ab3       0x96 ./system/src/cmsis/system_stm32f10x.o
                              0x4e56c (size before relaxing)
 .debug_str     0x00057b49       0x57 ./system/src/cmsis/vectors_stm32f10x.o
                               0x30ee (size before relaxing)
 .debug_str     0x00057ba0      0x471 ./src/bsp_tim.o
                              0x4eacd (size before relaxing)
 .debug_str     0x00058011      0x147 ./src/bsp_usart.o
                              0x4ec22 (size before relaxing)
 .debug_str     0x00058158       0xac ./src/main.o
                              0x53d0f (size before relaxing)

.debug_loc      0x00000000     0x5324
 *(.debug_loc)
 .debug_loc     0x00000000      0x16a ./system/src/stm32f1-stdperiph/misc.o
 .debug_loc     0x0000016a      0x8ae ./system/src/stm32f1-stdperiph/stm32f10x_gpio.o
 .debug_loc     0x00000a18      0x9cf ./system/src/stm32f1-stdperiph/stm32f10x_rcc.o
 .debug_loc     0x000013e7     0x2635 ./system/src/stm32f1-stdperiph/stm32f10x_tim.o
 .debug_loc     0x00003a1c      0xc98 ./system/src/stm32f1-stdperiph/stm32f10x_usart.o
 .debug_loc     0x000046b4       0x85 ./system/src/newlib/_sbrk.o
 .debug_loc     0x00004739      0x19e ./system/src/newlib/_startup.o
 .debug_loc     0x000048d7       0x63 ./system/src/newlib/_syscalls.o
 .debug_loc     0x0000493a      0x134 ./system/src/newlib/assert.o
 .debug_loc     0x00004a6e       0xf6 ./system/src/diag/Trace.o
 .debug_loc     0x00004b64      0x121 ./system/src/diag/trace_impl.o
 .debug_loc     0x00004c85      0x291 ./system/src/cortexm/exception_handlers.o
 .debug_loc     0x00004f16       0xdf ./system/src/cmsis/system_stm32f10x.o
 .debug_loc     0x00004ff5       0x58 ./src/bsp_tim.o
 .debug_loc     0x0000504d      0x295 ./src/bsp_usart.o
 .debug_loc     0x000052e2       0x42 ./src/main.o

.debug_macinfo
 *(.debug_macinfo)

.debug_weaknames
 *(.debug_weaknames)

.debug_funcnames
 *(.debug_funcnames)

.debug_typenames
 *(.debug_typenames)

.debug_varnames
 *(.debug_varnames)
OUTPUT(stm32_baud_test.elf elf32-littlearm)

.debug_ranges   0x00000000      0x868
 .debug_ranges  0x00000000       0x30 ./system/src/stm32f1-stdperiph/misc.o
 .debug_ranges  0x00000030       0x98 ./system/src/stm32f1-stdperiph/stm32f10x_gpio.o
 .debug_ranges  0x000000c8      0x108 ./system/src/stm32f1-stdperiph/stm32f10x_rcc.o
 .debug_ranges  0x000001d0      0x2e0 ./system/src/stm32f1-stdperiph/stm32f10x_tim.o
 .debug_ranges  0x000004b0       0xf0 ./system/src/stm32f1-stdperiph/stm32f10x_usart.o
 .debug_ranges  0x000005a0       0x18 ./system/src/newlib/_exit.o
 .debug_ranges  0x000005b8       0x10 ./system/src/newlib/_sbrk.o
 .debug_ranges  0x000005c8       0x78 ./system/src/newlib/_startup.o
 .debug_ranges  0x00000640       0x20 ./system/src/newlib/_syscalls.o
 .debug_ranges  0x00000660       0x18 ./system/src/newlib/assert.o
 .debug_ranges  0x00000678       0x28 ./system/src/diag/Trace.o
 .debug_ranges  0x000006a0       0x38 ./system/src/diag/trace_impl.o
 .debug_ranges  0x000006d8       0x18 ./system/src/cortexm/_initialize_hardware.o
 .debug_ranges  0x000006f0       0x80 ./system/src/cortexm/exception_handlers.o
 .debug_ranges  0x00000770       0x28 ./system/src/cmsis/system_stm32f10x.o
 .debug_ranges  0x00000798       0x10 ./system/src/cmsis/vectors_stm32f10x.o
 .debug_ranges  0x000007a8       0x30 ./src/bsp_tim.o
 .debug_ranges  0x000007d8       0x60 ./src/bsp_usart.o
 .debug_ranges  0x00000838       0x30 ./src/main.o

.debug_macro    0x00000000    0x10cf3
 .debug_macro   0x00000000      0x171 ./system/src/stm32f1-stdperiph/misc.o
 .debug_macro   0x00000171      0x8c2 ./system/src/stm32f1-stdperiph/misc.o
 .debug_macro   0x00000a33       0x50 ./system/src/stm32f1-stdperiph/misc.o
 .debug_macro   0x00000a83      0x34e ./system/src/stm32f1-stdperiph/misc.o
 .debug_macro   0x00000dd1       0x35 ./system/src/stm32f1-stdperiph/misc.o
 .debug_macro   0x00000e06       0x34 ./system/src/stm32f1-stdperiph/misc.o
 .debug_macro   0x00000e3a      0xb8e ./system/src/stm32f1-stdperiph/misc.o
 .debug_macro   0x000019c8     0x7e6d ./system/src/stm32f1-stdperiph/misc.o
 .debug_macro   0x00009835      0x2e4 ./system/src/stm32f1-stdperiph/misc.o
 .debug_macro   0x00009b19      0x144 ./system/src/stm32f1-stdperiph/misc.o
 .debug_macro   0x00009c5d      0x3cf ./system/src/stm32f1-stdperiph/misc.o
 .debug_macro   0x0000a02c       0xc8 ./system/src/stm32f1-stdperiph/misc.o
 .debug_macro   0x0000a0f4      0x17a ./system/src/stm32f1-stdperiph/misc.o
 .debug_macro   0x0000a26e       0xac ./system/src/stm32f1-stdperiph/misc.o
 .debug_macro   0x0000a31a      0x3ad ./system/src/stm32f1-stdperiph/misc.o
 .debug_macro   0x0000a6c7       0x9d ./system/src/stm32f1-stdperiph/misc.o
 .debug_macro   0x0000a764      0x2cf ./system/src/stm32f1-stdperiph/misc.o
 .debug_macro   0x0000aa33      0x279 ./system/src/stm32f1-stdperiph/misc.o
 .debug_macro   0x0000acac      0x2ac ./system/src/stm32f1-stdperiph/misc.o
 .debug_macro   0x0000af58      0x2b4 ./system/src/stm32f1-stdperiph/misc.o
 .debug_macro   0x0000b20c       0x64 ./system/src/stm32f1-stdperiph/misc.o
 .debug_macro   0x0000b270       0x82 ./system/src/stm32f1-stdperiph/misc.o
 .debug_macro   0x0000b2f2      0x3e2 ./system/src/stm32f1-stdperiph/misc.o
 .debug_macro   0x0000b6d4       0x58 ./system/src/stm32f1-stdperiph/misc.o
 .debug_macro   0x0000b72c      0x344 ./system/src/stm32f1-stdperiph/misc.o
 .debug_macro   0x0000ba70      0x2c4 ./system/src/stm32f1-stdperiph/misc.o
 .debug_macro   0x0000bd34      0x711 ./system/src/stm32f1-stdperiph/misc.o
 .debug_macro   0x0000c445      0x222 ./system/src/stm32f1-stdperiph/misc.o
 .debug_macro   0x0000c667       0x34 ./system/src/stm32f1-stdperiph/misc.o
 .debug_macro   0x0000c69b       0x35 ./system/src/stm32f1-stdperiph/misc.o
 .debug_macro   0x0000c6d0       0x85 ./system/src/stm32f1-stdperiph/misc.o
 .debug_macro   0x0000c755      0x1b9 ./system/src/stm32f1-stdperiph/stm32f10x_gpio.o
 .debug_macro   0x0000c90e       0x8b ./system/src/stm32f1-stdperiph/stm32f10x_gpio.o
 .debug_macro   0x0000c999      0x2a6 ./system/src/stm32f1-stdperiph/stm32f10x_gpio.o
 .debug_macro   0x0000cc3f      0x287 ./system/src/stm32f1-stdperiph/stm32f10x_rcc.o
 .debug_macro   0x0000cec6      0x3dc ./system/src/stm32f1-stdperiph/stm32f10x_rcc.o
 .debug_macro   0x0000d2a2      0x183 ./system/src/stm32f1-stdperiph/stm32f10x_tim.o
 .debug_macro   0x0000d425      0x70b ./system/src/stm32f1-stdperiph/stm32f10x_tim.o
 .debug_macro   0x0000db30      0x21f ./system/src/stm32f1-stdperiph/stm32f10x_usart.o
 .debug_macro   0x0000dd4f      0x21c ./system/src/stm32f1-stdperiph/stm32f10x_usart.o
 .debug_macro   0x0000df6b      0x1a7 ./system/src/newlib/_exit.o
 .debug_macro   0x0000e112       0x9c ./system/src/newlib/_exit.o
 .debug_macro   0x0000e1ae      0x10e ./system/src/newlib/_exit.o
 .debug_macro   0x0000e2bc       0x8d ./system/src/newlib/_exit.o
 .debug_macro   0x0000e349       0x43 ./system/src/newlib/_exit.o
 .debug_macro   0x0000e38c      0x30d ./system/src/newlib/_exit.o
 .debug_macro   0x0000e699       0x35 ./system/src/newlib/_exit.o
 .debug_macro   0x0000e6ce      0x15c ./system/src/newlib/_sbrk.o
 .debug_macro   0x0000e82a      0x174 ./system/src/newlib/_sbrk.o
 .debug_macro   0x0000e99e       0x10 ./system/src/newlib/_sbrk.o
 .debug_macro   0x0000e9ae      0x23b ./system/src/newlib/_sbrk.o
 .debug_macro   0x0000ebe9      0x166 ./system/src/newlib/_startup.o
 .debug_macro   0x0000ed4f      0x20a ./system/src/newlib/_syscalls.o
 .debug_macro   0x0000ef59       0x1c ./system/src/newlib/_syscalls.o
 .debug_macro   0x0000ef75       0x10 ./system/src/newlib/_syscalls.o
 .debug_macro   0x0000ef85       0x10 ./system/src/newlib/_syscalls.o
 .debug_macro   0x0000ef95       0x10 ./system/src/newlib/_syscalls.o
 .debug_macro   0x0000efa5       0x35 ./system/src/newlib/_syscalls.o
 .debug_macro   0x0000efda      0x122 ./system/src/newlib/_syscalls.o
 .debug_macro   0x0000f0fc       0x88 ./system/src/newlib/_syscalls.o
 .debug_macro   0x0000f184       0x2b ./system/src/newlib/_syscalls.o
 .debug_macro   0x0000f1af      0x118 ./system/src/newlib/_syscalls.o
 .debug_macro   0x0000f2c7      0x159 ./system/src/newlib/_syscalls.o
 .debug_macro   0x0000f420       0x16 ./system/src/newlib/_syscalls.o
 .debug_macro   0x0000f436      0x1c3 ./system/src/newlib/assert.o
 .debug_macro   0x0000f5f9       0x1c ./system/src/newlib/assert.o
 .debug_macro   0x0000f615      0x1e4 ./system/src/diag/Trace.o
 .debug_macro   0x0000f7f9       0x16 ./system/src/diag/Trace.o
 .debug_macro   0x0000f80f       0x97 ./system/src/diag/Trace.o
 .debug_macro   0x0000f8a6       0xfd ./system/src/diag/Trace.o
 .debug_macro   0x0000f9a3       0x10 ./system/src/diag/Trace.o
 .debug_macro   0x0000f9b3       0x16 ./system/src/diag/Trace.o
 .debug_macro   0x0000f9c9      0x18b ./system/src/diag/Trace.o
 .debug_macro   0x0000fb54       0x4c ./system/src/diag/Trace.o
 .debug_macro   0x0000fba0       0x16 ./system/src/diag/Trace.o
 .debug_macro   0x0000fbb6      0x2cd ./system/src/diag/trace_impl.o
 .debug_macro   0x0000fe83       0x10 ./system/src/diag/trace_impl.o
 .debug_macro   0x0000fe93       0xcf ./system/src/diag/trace_impl.o
 .debug_macro   0x0000ff62       0xbe ./system/src/diag/trace_impl.o
 .debug_macro   0x00010020       0x22 ./system/src/diag/trace_impl.o
 .debug_macro   0x00010042      0x16b ./system/src/cortexm/_initialize_hardware.o
 .debug_macro   0x000101ad      0x30d ./system/src/cortexm/exception_handlers.o
 .debug_macro   0x000104ba       0x3b ./system/src/cortexm/exception_handlers.o
 .debug_macro   0x000104f5       0x10 ./system/src/cortexm/exception_handlers.o
 .debug_macro   0x00010505      0x16e ./system/src/cmsis/system_stm32f10x.o
 .debug_macro   0x00010673       0x34 ./system/src/cmsis/vectors_stm32f10x.o
 .debug_macro   0x000106a7      0x16b ./src/bsp_tim.o
 .debug_macro   0x00010812      0x170 ./src/bsp_usart.o
 .debug_macro   0x00010982       0x10 ./src/bsp_usart.o
 .debug_macro   0x00010992      0x34b ./src/main.o
 .debug_macro   0x00010cdd       0x16 ./src/main.o
